2025-09-16 06:01:32,630 - INFO - Updating subscribed topics to: frozenset({'Data.Raw.Scada'})
2025-09-16 06:01:32,630 - INFO - Updating subscribed topics to: frozenset({'Data.Raw.Physical'})
2025-09-16 06:01:32,659 - ERROR - Topic Data.Raw.Scada not found in cluster metadata
2025-09-16 06:01:32,659 - ERROR - Topic Data.Raw.Physical not found in cluster metadata
2025-09-16 06:01:32,766 - ERROR - Group Coordinator Request failed: [Error 15] GroupCoordinatorNotAvailableError
2025-09-16 06:01:32,766 - ERROR - Group Coordinator Request failed: [Error 15] GroupCoordinatorNotAvailableError
2025-09-16 06:01:32,872 - INFO - Discovered coordinator 1 for group raw_physical_consumer_group
2025-09-16 06:01:32,872 - INFO - Discovered coordinator 1 for group raw_scada_consumer_group
2025-09-16 06:01:32,872 - INFO - Revoking previously assigned partitions set() for group raw_physical_consumer_group
2025-09-16 06:01:32,872 - INFO - Revoking previously assigned partitions set() for group raw_scada_consumer_group
2025-09-16 06:01:32,872 - INFO - (Re-)joining group raw_physical_consumer_group
2025-09-16 06:01:32,872 - INFO - (Re-)joining group raw_scada_consumer_group
2025-09-16 06:01:32,880 - WARNING - Marking the coordinator dead (node 1)for group raw_physical_consumer_group.
2025-09-16 06:01:32,880 - WARNING - Marking the coordinator dead (node 1)for group raw_scada_consumer_group.
2025-09-16 06:01:32,982 - INFO - Discovered coordinator 1 for group raw_physical_consumer_group
2025-09-16 06:01:32,982 - INFO - Discovered coordinator 1 for group raw_scada_consumer_group
2025-09-16 06:01:32,982 - INFO - (Re-)joining group raw_physical_consumer_group
2025-09-16 06:01:32,982 - INFO - (Re-)joining group raw_scada_consumer_group
2025-09-16 06:01:32,983 - WARNING - Marking the coordinator dead (node 1)for group raw_scada_consumer_group.
2025-09-16 06:01:32,983 - WARNING - Marking the coordinator dead (node 1)for group raw_physical_consumer_group.
2025-09-16 06:01:33,085 - INFO - Discovered coordinator 1 for group raw_physical_consumer_group
2025-09-16 06:01:33,085 - INFO - Discovered coordinator 1 for group raw_scada_consumer_group
2025-09-16 06:01:33,085 - INFO - (Re-)joining group raw_physical_consumer_group
2025-09-16 06:01:33,085 - INFO - (Re-)joining group raw_scada_consumer_group
2025-09-16 06:01:33,086 - WARNING - Marking the coordinator dead (node 1)for group raw_scada_consumer_group.
2025-09-16 06:01:33,086 - WARNING - Marking the coordinator dead (node 1)for group raw_physical_consumer_group.
2025-09-16 06:01:33,188 - INFO - Discovered coordinator 1 for group raw_scada_consumer_group
2025-09-16 06:01:33,189 - INFO - Discovered coordinator 1 for group raw_physical_consumer_group
2025-09-16 06:01:33,189 - INFO - (Re-)joining group raw_scada_consumer_group
2025-09-16 06:01:33,189 - INFO - (Re-)joining group raw_physical_consumer_group
2025-09-16 06:01:36,212 - INFO - Joined group 'raw_physical_consumer_group' (generation 1) with member_id aiokafka-0.12.0-43b3013e-bc43-4001-bb21-dd42d0b5cbfe
2025-09-16 06:01:36,212 - INFO - Joined group 'raw_scada_consumer_group' (generation 1) with member_id aiokafka-0.12.0-7b56014b-78bf-4b39-9ab8-7d7781a3f8b5
2025-09-16 06:01:36,305 - INFO - Elected group leader -- performing partition assignments using roundrobin
2025-09-16 06:01:36,305 - INFO - Elected group leader -- performing partition assignments using roundrobin
2025-09-16 06:01:36,315 - INFO - Successfully synced group raw_physical_consumer_group with generation 1
2025-09-16 06:01:36,315 - INFO - Successfully synced group raw_scada_consumer_group with generation 1
2025-09-16 06:01:36,370 - INFO - Setting newly assigned partitions {TopicPartition(topic='Data.Raw.Physical', partition=0)} for group raw_physical_consumer_group
2025-09-16 06:01:36,370 - INFO - Setting newly assigned partitions {TopicPartition(topic='Data.Raw.Scada', partition=0)} for group raw_scada_consumer_group
2025-09-16 06:06:09,031 - INFO - Updating subscribed topics to: frozenset({'Data.Raw.Physical'})
2025-09-16 06:06:09,041 - INFO - Discovered coordinator 1 for group raw_physical_consumer_group
2025-09-16 06:06:09,041 - INFO - Revoking previously assigned partitions set() for group raw_physical_consumer_group
2025-09-16 06:06:09,042 - INFO - (Re-)joining group raw_physical_consumer_group
2025-09-16 06:06:13,441 - INFO - Joined group 'raw_physical_consumer_group' (generation 2) with member_id aiokafka-0.12.0-c38d06ae-6922-4047-94e1-718476ba5d42
2025-09-16 06:06:13,441 - INFO - Elected group leader -- performing partition assignments using roundrobin
2025-09-16 06:06:13,449 - INFO - Successfully synced group raw_physical_consumer_group with generation 2
2025-09-16 06:06:13,450 - INFO - Setting newly assigned partitions {TopicPartition(topic='Data.Raw.Physical', partition=0)} for group raw_physical_consumer_group
2025-09-16 06:06:20,262 - INFO - Updating subscribed topics to: frozenset({'Data.Raw.Scada'})
2025-09-16 06:06:20,272 - INFO - Discovered coordinator 1 for group raw_scada_consumer_group
2025-09-16 06:06:20,272 - INFO - Revoking previously assigned partitions set() for group raw_scada_consumer_group
2025-09-16 06:06:20,272 - INFO - (Re-)joining group raw_scada_consumer_group
2025-09-16 06:06:22,805 - INFO - Joined group 'raw_scada_consumer_group' (generation 2) with member_id aiokafka-0.12.0-8ce7d789-f627-4393-aa2e-890bea29fb1a
2025-09-16 06:06:22,812 - INFO - Elected group leader -- performing partition assignments using roundrobin
2025-09-16 06:06:22,820 - INFO - Successfully synced group raw_scada_consumer_group with generation 2
2025-09-16 06:06:22,852 - INFO - Setting newly assigned partitions {TopicPartition(topic='Data.Raw.Scada', partition=0)} for group raw_scada_consumer_group
2025-09-16 06:21:24,047 - INFO - Updating subscribed topics to: frozenset({'Data.Raw.Physical'})
2025-09-16 06:21:24,054 - ERROR - Unable connect to "kafka:9092": [Errno 111] Connect call failed ('172.20.0.5', 9092)
2025-09-16 06:21:24,064 - ERROR - Unclosed AIOKafkaConsumer
consumer: <aiokafka.consumer.consumer.AIOKafkaConsumer object at 0x78ae5a27fcd0>
2025-09-16 06:21:24,876 - INFO - Updating subscribed topics to: frozenset({'Data.Raw.Scada'})
2025-09-16 06:21:24,880 - ERROR - Unable connect to "kafka:9092": [Errno 111] Connect call failed ('172.20.0.5', 9092)
2025-09-16 06:21:24,886 - ERROR - Unclosed AIOKafkaConsumer
consumer: <aiokafka.consumer.consumer.AIOKafkaConsumer object at 0x7a32e5bb6dd0>
2025-09-16 06:21:25,857 - INFO - Updating subscribed topics to: frozenset({'Data.Raw.Physical'})
2025-09-16 06:21:25,862 - ERROR - Unable connect to "kafka:9092": [Errno 111] Connect call failed ('172.20.0.5', 9092)
2025-09-16 06:21:25,878 - ERROR - Unclosed AIOKafkaConsumer
consumer: <aiokafka.consumer.consumer.AIOKafkaConsumer object at 0x7408897bbcd0>
2025-09-16 06:21:26,023 - INFO - Updating subscribed topics to: frozenset({'Data.Raw.Scada'})
2025-09-16 06:21:26,028 - ERROR - Unable connect to "kafka:9092": [Errno 111] Connect call failed ('172.20.0.5', 9092)
2025-09-16 06:21:26,042 - ERROR - Unclosed AIOKafkaConsumer
consumer: <aiokafka.consumer.consumer.AIOKafkaConsumer object at 0x79c7b8918090>
2025-09-16 06:21:26,939 - INFO - Updating subscribed topics to: frozenset({'Data.Raw.Scada'})
2025-09-16 06:21:26,943 - ERROR - Unable connect to "kafka:9092": [Errno 111] Connect call failed ('172.20.0.5', 9092)
2025-09-16 06:21:26,950 - ERROR - Unclosed AIOKafkaConsumer
consumer: <aiokafka.consumer.consumer.AIOKafkaConsumer object at 0x75eb4b030090>
2025-09-16 06:21:26,985 - INFO - Updating subscribed topics to: frozenset({'Data.Raw.Physical'})
2025-09-16 06:21:26,988 - ERROR - Unable connect to "kafka:9092": [Errno 111] Connect call failed ('172.20.0.5', 9092)
2025-09-16 06:21:26,994 - ERROR - Unclosed AIOKafkaConsumer
consumer: <aiokafka.consumer.consumer.AIOKafkaConsumer object at 0x77d1f8a87cd0>
2025-09-16 06:21:28,066 - INFO - Updating subscribed topics to: frozenset({'Data.Raw.Scada'})
2025-09-16 06:21:28,069 - ERROR - Unable connect to "kafka:9092": [Errno 111] Connect call failed ('172.20.0.5', 9092)
2025-09-16 06:21:28,075 - ERROR - Unclosed AIOKafkaConsumer
consumer: <aiokafka.consumer.consumer.AIOKafkaConsumer object at 0x7e869d2eedd0>
2025-09-16 06:21:28,131 - INFO - Updating subscribed topics to: frozenset({'Data.Raw.Physical'})
2025-09-16 06:21:28,135 - ERROR - Unable connect to "kafka:9092": [Errno 111] Connect call failed ('172.20.0.5', 9092)
2025-09-16 06:21:28,146 - ERROR - Unclosed AIOKafkaConsumer
consumer: <aiokafka.consumer.consumer.AIOKafkaConsumer object at 0x70452fde8250>
2025-09-16 06:21:29,155 - INFO - Updating subscribed topics to: frozenset({'Data.Raw.Scada'})
2025-09-16 06:21:29,159 - ERROR - Unable connect to "kafka:9092": [Errno 111] Connect call failed ('172.20.0.5', 9092)
2025-09-16 06:21:29,165 - ERROR - Unclosed AIOKafkaConsumer
consumer: <aiokafka.consumer.consumer.AIOKafkaConsumer object at 0x7743a2c58090>
2025-09-16 06:21:29,491 - INFO - Updating subscribed topics to: frozenset({'Data.Raw.Physical'})
2025-09-16 06:21:29,494 - ERROR - Unable connect to "kafka:9092": [Errno 111] Connect call failed ('172.20.0.5', 9092)
2025-09-16 06:21:29,501 - ERROR - Unclosed AIOKafkaConsumer
consumer: <aiokafka.consumer.consumer.AIOKafkaConsumer object at 0x72f581ca7b50>
2025-09-16 06:21:31,152 - INFO - Updating subscribed topics to: frozenset({'Data.Raw.Scada'})
2025-09-16 06:21:31,155 - ERROR - Unable connect to "kafka:9092": [Errno 111] Connect call failed ('172.20.0.5', 9092)
2025-09-16 06:21:31,161 - ERROR - Unclosed AIOKafkaConsumer
consumer: <aiokafka.consumer.consumer.AIOKafkaConsumer object at 0x74768e970090>
2025-09-16 06:21:31,504 - INFO - Updating subscribed topics to: frozenset({'Data.Raw.Physical'})
2025-09-16 06:21:31,509 - ERROR - Unable connect to "kafka:9092": [Errno 111] Connect call failed ('172.20.0.5', 9092)
2025-09-16 06:21:31,522 - ERROR - Unclosed AIOKafkaConsumer
consumer: <aiokafka.consumer.consumer.AIOKafkaConsumer object at 0x74e778d1c250>
2025-09-16 06:21:34,639 - INFO - Updating subscribed topics to: frozenset({'Data.Raw.Scada'})
2025-09-16 06:21:34,642 - ERROR - Unable connect to "kafka:9092": [Errno 111] Connect call failed ('172.20.0.5', 9092)
2025-09-16 06:21:34,648 - ERROR - Unclosed AIOKafkaConsumer
consumer: <aiokafka.consumer.consumer.AIOKafkaConsumer object at 0x7293fba8c090>
2025-09-16 06:21:34,989 - INFO - Updating subscribed topics to: frozenset({'Data.Raw.Physical'})
2025-09-16 06:21:34,993 - ERROR - Unable connect to "kafka:9092": [Errno 111] Connect call failed ('172.20.0.5', 9092)
2025-09-16 06:21:34,999 - ERROR - Unclosed AIOKafkaConsumer
consumer: <aiokafka.consumer.consumer.AIOKafkaConsumer object at 0x7976f8893cd0>
2025-09-16 06:21:41,277 - INFO - Updating subscribed topics to: frozenset({'Data.Raw.Scada'})
2025-09-16 06:21:41,280 - ERROR - Unable connect to "kafka:9092": [Errno 111] Connect call failed ('172.20.0.5', 9092)
2025-09-16 06:21:41,286 - ERROR - Unclosed AIOKafkaConsumer
consumer: <aiokafka.consumer.consumer.AIOKafkaConsumer object at 0x729f5b0a4090>
2025-09-16 06:21:41,637 - INFO - Updating subscribed topics to: frozenset({'Data.Raw.Physical'})
2025-09-16 06:21:41,643 - ERROR - Unable connect to "kafka:9092": [Errno 111] Connect call failed ('172.20.0.5', 9092)
2025-09-16 06:21:41,650 - ERROR - Unclosed AIOKafkaConsumer
consumer: <aiokafka.consumer.consumer.AIOKafkaConsumer object at 0x72f16fcdfb50>
2025-09-16 06:21:54,315 - INFO - Updating subscribed topics to: frozenset({'Data.Raw.Scada'})
2025-09-16 06:21:54,341 - INFO - Discovered coordinator 1 for group raw_scada_consumer_group
2025-09-16 06:21:54,343 - INFO - Revoking previously assigned partitions set() for group raw_scada_consumer_group
2025-09-16 06:21:54,344 - INFO - (Re-)joining group raw_scada_consumer_group
2025-09-16 06:21:54,664 - INFO - Updating subscribed topics to: frozenset({'Data.Raw.Physical'})
2025-09-16 06:21:54,677 - INFO - Discovered coordinator 1 for group raw_physical_consumer_group
2025-09-16 06:21:54,677 - INFO - Revoking previously assigned partitions set() for group raw_physical_consumer_group
2025-09-16 06:21:54,677 - INFO - (Re-)joining group raw_physical_consumer_group
2025-09-16 06:21:57,360 - INFO - Joined group 'raw_physical_consumer_group' (generation 3) with member_id aiokafka-0.12.0-6bc88cef-c14c-46cf-a9ef-de6feeb1563a
2025-09-16 06:21:57,360 - INFO - Elected group leader -- performing partition assignments using roundrobin
2025-09-16 06:21:57,365 - INFO - Joined group 'raw_scada_consumer_group' (generation 3) with member_id aiokafka-0.12.0-5deb8e9c-983a-4df8-8f22-5440dd712166
2025-09-16 06:21:57,365 - INFO - Elected group leader -- performing partition assignments using roundrobin
2025-09-16 06:21:57,392 - INFO - Successfully synced group raw_physical_consumer_group with generation 3
2025-09-16 06:21:57,392 - INFO - Successfully synced group raw_scada_consumer_group with generation 3
2025-09-16 06:21:57,392 - INFO - Setting newly assigned partitions {TopicPartition(topic='Data.Raw.Scada', partition=0)} for group raw_scada_consumer_group
2025-09-16 06:21:57,393 - INFO - Setting newly assigned partitions {TopicPartition(topic='Data.Raw.Physical', partition=0)} for group raw_physical_consumer_group
